{
    "Runs with single BAM file and mutect2": {
        "content": [
            "variants.annotated.txt:md5,94fa4b4d0613f61410618a7eba4c5c97"
        ],
        "timestamp": "2024-02-26T23:09:58.251860914"
    },
    "Runs with single BAM file and mutserve": {
        "content": [
            "variants.annotated.txt:md5,21b561f9b05098cdc137f43b4988570e"
        ],
        "timestamp": "2024-02-26T23:02:15.242706827"
    },
    "Runs with BAM file including different header contigs": {
        "content": [
            "variants.annotated.txt:md5,d68e6fed173c766228164438a24ecf5a"
        ],
        "timestamp": "2024-02-26T23:03:07.470112898"
    }
}