{
    "Runs with single BAM file and mutect2": {
        "content": [
            "variants.annotated.txt:md5,2df787e5b0067dc97f410c2aaf280285"
        ],
        "meta": {
            "nf-test": "0.8.4",
            "nextflow": "23.04.2"
        },
        "timestamp": "2024-03-03T13:36:56.200643224"
    },
    "Runs with 6 samples provided as testdata with mutect2": {
        "content": [
            "variants.annotated.txt:md5,2d1c3d572deeb1dd984b959d3ac0a725",
            {
                "tasksFailed": 0,
                "tasksCount": 28,
                "tasksSucceeded": 28
            }
        ],
        "meta": {
            "nf-test": "0.8.4",
            "nextflow": "23.04.2"
        },
        "timestamp": "2024-03-03T14:03:36.092783262"
    },
    "Runs with single BAM file and mutserve": {
        "content": [
            "variants.annotated.txt:md5,ce3ef000a4e273000100ef1d243bbaaa"
        ],
        "meta": {
            "nf-test": "0.8.4",
            "nextflow": "23.04.2"
        },
        "timestamp": "2024-03-03T13:53:38.360857477"
    },
    "Runs with BAM file including different header contigs": {
        "content": [
            "variants.annotated.txt:md5,f81d038e4d87714cd45465e626170460"
        ],
        "meta": {
            "nf-test": "0.8.4",
            "nextflow": "23.04.2"
        },
        "timestamp": "2024-03-03T13:54:38.207582771"
    },
    "Runs with two files and one goes through QC": {
        "content": [
            "variants.annotated.txt:md5,e5afb1949eb12a245a376f1c20e71f4e",
            {
                "tasksFailed": 0,
                "tasksCount": 12,
                "tasksSucceeded": 12
            }
        ],
        "meta": {
            "nf-test": "0.8.4",
            "nextflow": "23.04.2"
        },
        "timestamp": "2024-03-03T13:58:45.524872865"
    },
    "Runs with 6 samples provided as testdata with fusion": {
        "content": [
            "variants.annotated.txt:md5,b69c6c19f12b152c15cf260b3e91d6a7",
            {
                "tasksFailed": 0,
                "tasksCount": 41,
                "tasksSucceeded": 41
            }
        ],
        "meta": {
            "nf-test": "0.8.4",
            "nextflow": "23.04.2"
        },
        "timestamp": "2024-03-03T14:06:53.083993829"
    },
    "Runs with 6 samples provided as testdata with mutserve": {
        "content": [
            "variants.annotated.txt:md5,4f06be3759a04ff20fa189dd9f5d2685",
            {
                "tasksFailed": 0,
                "tasksCount": 31,
                "tasksSucceeded": 31
            }
        ],
        "meta": {
            "nf-test": "0.8.4",
            "nextflow": "23.04.2"
        },
        "timestamp": "2024-03-03T14:00:27.656567299"
    }
}