{
    "Runs with single BAM file": {
        "content": [
            {
                "directory": false,
                "file": false,
                "freeSpace": 0,
                "canonicalPath": "/home/seb/git/nf-mito-calling/out/variants.vcf.gz",
                "usableSpace": 0,
                "hidden": false,
                "totalSpace": 0,
                "path": "out/variants.vcf.gz",
                "name": "variants.vcf.gz",
                "absolute": false,
                "absolutePath": "/home/seb/git/nf-mito-calling/out/variants.vcf.gz",
                "parent": [
                    [
                        "haplogroups.txt:md5,14e2601fd8852abe0f47869d8033a7b4"
                    ],
                    [
                        "contamination.html:md5,53a0eae3fc64fab0456c0fe96447b3d9",
                        "report.html:md5,14524efe5aa512a388853018e70f529e"
                    ],
                    [
                        "variants.txt:md5,9a5641b89f88670ff70f4a815699b926",
                        "variants.vcf.gz:md5,60f372898d3efcee971ec611d90d6a90"
                    ]
                ]
            }
        ],
        "timestamp": "2023-11-30T17:44:10.056786"
    }
}